▲ Next.js 16.2.12 (webpack)
- Environments: .env.local
- Experiments (use with caution):
  · cpus: 2

  Creating an optimized production build ...
✓ Compiled successfully in 3.1s
  Running TypeScript ...
  Finished TypeScript in 2.3s ...
  Collecting page data using 2 workers ...
  Generating static pages using 2 workers (0/14) ...
  Generating static pages using 2 workers (3/14) 
  Generating static pages using 2 workers (6/14) 
  Generating static pages using 2 workers (10/14) 
✓ Generating static pages using 2 workers (14/14) in 132ms
  Finalizing page optimization ...
  Collecting build traces ...

Route (app)
┌ ○ /
├ ○ /_not-found
├ ○ /admin
├ ƒ /api/admin/config
├ ƒ /api/admin/session
├ ƒ /api/chat
├ ƒ /api/generate-self-skill
├ ƒ /api/health
├ ƒ /api/public-config
├ ƒ /api/wechat-analyze
├ ○ /icon.png
├ ○ /opengraph-image.png
└ ○ /twitter-image.png


○  (Static)   prerendered as static content
ƒ  (Dynamic)  server-rendered on demand

